SELECT "C_NAME", "C_CUSTKEY", "O_ORDERKEY", "O_ORDERDATE", "O_TOTALPRICE", AVG("L_QUANTITY")
FROM "V_LINEITEM"
INNER JOIN "V_ORDERS" ON ("L_ORDERKEY" = "O_ORDERKEY")
INNER JOIN "CUSTOMER" ON ("O_CUSTKEY" = "C_CUSTKEY")
WHERE ("O_ORDERKEY" IS NOT NULL)
GROUP BY "C_NAME", "C_CUSTKEY", "O_ORDERKEY", "O_ORDERDATE", "O_TOTALPRICE"
HAVING (AVG(("L_QUANTITY" + 6)) > 1)
ORDER BY "O_TOTALPRICE" DESC, "O_ORDERDATE"
LIMIT 1