--https://github.com/Kyligence/KAP/issues/13612

select date_format(CAL_DT,'y'),
       date_format(CAL_DT,'y'),
	   date_format(CAL_DT,'Y'),
	   date_format(CAL_DT,'M'),
	   date_format(CAL_DT,'M'),
	   date_format(CAL_DT,'d'),
	   date_format(CAL_DT,'D'),
       date_format(CAL_DT,'d'),
       date_format(CAL_DT,'H'),
	   date_format(CAL_DT,'h'),
	   date_format(CAL_DT,'m'),
	   date_format(CAL_DT,'s')
from TEST_KYLIN_FACT