

select
    COUNT(CONCAT("LSTG_FORMAT_NAME", "LSTG_FORMAT_NAME")),
    count(substr(LSTG_FORMAT_NAME,2)),
    COUNT(INSTR("LSTG_FORMAT_NAME", "LSTG_FORMAT_NAME")) "INSTRa",
    COUNT(INSTR("LSTG_FORMAT_NAME", "LSTG_FORMAT_NAME")) "INSTRb",
    COUNT(LENGTH("LSTG_FORMAT_NAME")),
    COUNT(INSTR("LSTG_FORMAT_NAME", "LSTG_FORMAT_NAME")),
    count(DISTINCT substr(LSTG_FORMAT_NAME,2)),
    count(DISTINCT concat(LSTG_FORMAT_NAME,LSTG_FORMAT_NAME)),
    count(DISTINCT instr(LSTG_FORMAT_NAME,LSTG_FORMAT_NAME)) "INSTRc",
    count(DISTINCT length(LSTG_FORMAT_NAME))
from test_kylin_fact