SELECT count(*) as cnt

 FROM TEST_KYLIN_FACT as TEST_KYLIN_FACT
 INNER JOIN TEST_ORDER as TEST_ORDER
 ON TEST_KYLIN_FACT.ORDER_ID = TEST_ORDER.ORDER_ID
 INNER JOIN TEST_CATEGORY_GROUPINGS as TEST_CATEGORY_GROUPINGS
 ON TEST_KYLIN_FACT.LEAF_CATEG_ID = TEST_CATEGORY_GROUPINGS.LEAF_CATEG_ID AND TEST_KYLIN_FACT.LSTG_SITE_ID = TEST_CATEGORY_GROUPINGS.SITE_ID
 WHERE TEST_ORDER.TEST_TIME_ENC >= '2010-01-01 15:43:38' AND TEST_ORDER.TEST_DATE_ENC >= '2010-01-01'